// Jest Snapshot v1, https://goo.gl/fbAQLP

exports[`renders a list of reports 1`] = `
<Styled(View)>
  <Grid
    data={
      Array [
        Object {
          "key": 1,
          "name": "William",
          "notes": Array [],
        },
        "add",
      ]
    }
    itemHasChanged={[Function]}
    itemsPerRow={2}
    onEndReached={[Function]}
    refreshControl={null}
    renderFooter={[Function]}
    renderItem={[Function]}
    renderPlaceholder={null}
    renderSectionHeader={[Function]}
    sections={false}
    style={
      Object {
        "flex": 1,
      }
    }
  />
</Styled(View)>
`;
